Press enter to submit commands

 

> git init

 


Initialized empty Git repository in /.git/

Success!

$ git status

 


# On branch master
#
# Initial commit
#
nothing to commit (create/copy files and use "git add" to track)

Success!

$ git status

 


# On branch master
#
# Initial commit
#
# Untracked files:
#   (use "git add <file>..." to include in what will be committed)
#
#	octocat.txt
nothing added to commit but untracked files present (use "git add" to track)

Success!

$ git add actocat.txt

 


fatal: pathspec 'actocat.txt' did not match any files

Did not add octocat.txt

$ git add octocat.txt

 




Nice job, you've added octocat.txt to the Staging Area

$ git status

 


# On branch master
#
# Initial commit
#
# Changes to be committed:
#   (use "git rm --cached <file>..." to unstage)
#
#	new file:   octocat.txt
#

Success!

$ git commit -m "Add cute octocat story"

 


[master (root-commit) 20b5ccd] Add cute octocat story
 1 file changed, 1 insertion(+)
 create mode 100644 octocat.txt

Success!

$ git add '*.txt'

 




Success!

$ git commit -m 'Add all the octucat txt files'

 


[master 84896be] Add all the octucat txt files
 4 files changed, 4 insertions(+)
 create mode 100644 blue_octocat.txt
 create mode 100644 octofamily/baby_octocat.txt
 create mode 100644 octofamily/momma_octocat.txt
 create mode 100644 red_octocat.txt

Success!

$ git log

 


commit 3852b4db1634463d0bb4d267edb7b3f9cd02ace1
Author: Try Git <try_git@github.com>
Date:   Sat Oct 10 08:30:00 2020 -0500

    Add all the octocat txt files

commit b652edfd888cd3d5e7fcb857d0dabc5a0fcb5e28
Author: Try Git <try_git@github.com>
Date:   Sat Oct 10 08:30:00 2020 -0500

    Added cute octocat story

Success!

$ git remote add origin https://github.com/try-git/try_git.git

 




Success!

$ git push -u origin master

 


Branch master set up to track remote branch master from origin.

Success!

$ git pull origin master

 


Updating 3852b4d..3e70b0f
Fast-forward
 yellow_octocat.txt |    1 +
 1 file changed, 1 insertion(+)
 create mode 100644 yellow_octocat.txt

Success!

$ git diff HEAD

 


diff --git a/octocat.txt b/octocat.txt
index 7d8d808..e725ef6 100644
--- a/octocat.txt
+++ b/octocat.txt
@@ -1 +1 @@
-A Tale of Two Octocats
+[mA Tale of Two Octocats and an Octodog

Success!

$ git add octofamily/octodog.txt                                                                                                                                                                                                                                                                                                                                                                                                                                                                                                                                                                                                                                                                                                                                                                                                                                                                                                                                                                                                                                                                                                                                                                                                                                                                                                                                                                                                                                                                                                                                                                                                                                                                                                                                                                                                                                                                                                                                                                                                                                                                                                                                                                                                                   

 




Success!

$ git diff --staged
